#0 building with "default" instance using docker driver

#1 [internal] load build definition from Dockerfile
#1 transferring dockerfile: 1.50kB done
#1 DONE 0.0s

#2 [internal] load metadata for docker.io/library/alpine:latest
#2 DONE 0.0s

#3 [internal] load .dockerignore
#3 transferring context: 2B done
#3 DONE 0.0s

#4 [ 1/25] FROM docker.io/library/alpine:latest
#4 DONE 0.0s

#5 [internal] load build context
#5 transferring context: 2.87kB done
#5 DONE 0.0s

#6 [ 6/25] RUN apk add --no-cache gcc musl-dev
#6 CACHED

#7 [10/25] RUN apk add --no-cache fd
#7 CACHED

#8 [15/25] RUN apk add --no-cache fzf # For telescope
#8 CACHED

#9 [13/25] RUN npm i -g typescript neovim
#9 CACHED

#10 [12/25] RUN npm i -g tree-sitter-cli
#10 CACHED

#11 [ 8/25] RUN apk add --no-cache ripgrep
#11 CACHED

#12 [ 2/25] RUN apk add --no-cache python3
#12 CACHED

#13 [11/25] RUN apk add --no-cache nodejs npm
#13 CACHED

#14 [ 4/25] RUN apk add --no-cache     neovim     neovim-doc     curl     git
#14 CACHED

#15 [ 3/25] RUN apk add --no-cache py3-pynvim
#15 CACHED

#16 [14/25] RUN apk add --no-cache bash # For lua LSP
#16 CACHED

#17 [ 7/25] RUN apk add --no-cache lua5.1 lua5.1-dev luarocks
#17 CACHED

#18 [ 9/25] RUN luarocks-5.1 install luarocks
#18 CACHED

#19 [ 5/25] RUN apk add --no-cache build-base # GCC + Make, requried for FZF ext
#19 CACHED

#20 [16/25] COPY init.lua /root/.config/nvim/init.lua
#20 CACHED

#21 [17/25] COPY lua /root/.config/nvim/lua
#21 DONE 0.1s

#22 [18/25] COPY stylua.toml /root/.config/nvim/stylua.toml
#22 DONE 0.1s

#23 [19/25] RUN nvim --headless "+Lazy! install" +qall
#23 CANCELED
ERROR: failed to solve: Canceled: context canceled
