1719614244.321091 sending message 112 to peer 0x601d6fa59160 (13 bytes)
1719614244.321093 sending message 112 to peer 0x601d6fa59160 (13 bytes)
1719614244.321096 sending message 112 to peer 0x601d6fa59160 (9 bytes)
1719614244.321098 sending message 112 to peer 0x601d6fa59160 (12 bytes)
1719614244.321100 sending message 112 to peer 0x601d6fa59160 (13 bytes)
1719614244.321102 sending message 112 to peer 0x601d6fa59160 (13 bytes)
1719614244.321104 sending message 112 to peer 0x601d6fa59160 (13 bytes)
1719614244.321106 sending message 112 to peer 0x601d6fa59160 (13 bytes)
1719614244.321108 sending message 112 to peer 0x601d6fa59160 (13 bytes)
1719614244.321111 sending message 112 to peer 0x601d6fa59160 (11 bytes)
1719614244.321113 sending message 112 to peer 0x601d6fa59160 (12 bytes)
1719614244.321115 sending message 112 to peer 0x601d6fa59160 (13 bytes)
1719614244.321117 sending message 112 to peer 0x601d6fa59160 (13 bytes)
1719614244.321119 sending message 112 to peer 0x601d6fa59160 (13 bytes)
1719614244.321122 sending message 112 to peer 0x601d6fa59160 (13 bytes)
1719614244.321124 sending message 112 to peer 0x601d6fa59160 (13 bytes)
1719614244.321126 sending message 112 to peer 0x601d6fa59160 (11 bytes)
1719614244.321128 sending message 112 to peer 0x601d6fa59160 (12 bytes)
1719614244.321131 sending message 112 to peer 0x601d6fa59160 (12 bytes)
1719614244.321133 sending message 112 to peer 0x601d6fa59160 (12 bytes)
1719614244.321136 sending message 112 to peer 0x601d6fa59160 (12 bytes)
1719614244.321138 sending message 112 to peer 0x601d6fa59160 (12 bytes)
1719614244.321140 sending message 112 to peer 0x601d6fa59160 (22 bytes)
1719614244.321143 sending message 112 to peer 0x601d6fa59160 (12 bytes)
1719614244.321145 sending message 112 to peer 0x601d6fa59160 (9 bytes)
1719614244.321148 sending message 112 to peer 0x601d6fa59160 (6 bytes)
1719614244.321150 sending message 112 to peer 0x601d6fa59160 (13 bytes)
1719614244.321153 sending message 112 to peer 0x601d6fa59160 (10 bytes)
1719614244.321155 sending message 112 to peer 0x601d6fa59160 (24 bytes)
1719614244.321157 sending message 112 to peer 0x601d6fa59160 (13 bytes)
1719614244.321160 sending message 112 to peer 0x601d6fa59160 (8 bytes)
1719614244.321162 sending message 112 to peer 0x601d6fa59160 (70 bytes)
1719614244.321165 sending message 112 to peer 0x601d6fa59160 (69 bytes)
1719614244.321167 sending message 112 to peer 0x601d6fa59160 (12 bytes)
1719614244.321169 sending message 112 to peer 0x601d6fa59160 (10 bytes)
1719614244.321172 sending message 112 to peer 0x601d6fa59160 (10 bytes)
1719614244.321174 sending message 112 to peer 0x601d6fa59160 (24 bytes)
1719614244.321176 sending message 112 to peer 0x601d6fa59160 (13 bytes)
1719614244.321179 sending message 112 to peer 0x601d6fa59160 (10 bytes)
1719614244.321181 sending message 112 to peer 0x601d6fa59160 (10 bytes)
1719614244.321184 sending message 112 to peer 0x601d6fa59160 (10 bytes)
1719614244.321186 sending message 112 to peer 0x601d6fa59160 (13 bytes)
1719614244.321189 sending message 112 to peer 0x601d6fa59160 (9 bytes)
1719614244.321191 sending message 112 to peer 0x601d6fa59160 (15 bytes)
1719614244.321194 sending message 112 to peer 0x601d6fa59160 (5 bytes)
1719614244.321197 sending message 104 to peer 0x601d6fa59160 (0 bytes)
1719614244.321200 sending message 110 to peer 0x601d6fa59160 (0 bytes)
1719614244.321203 sending message 107 to peer 0x601d6fa59160 (4 bytes)
1719614244.321206 sending message 105 to peer 0x601d6fa59160 (19 bytes)
1719614244.321208 sending message 105 to peer 0x601d6fa59160 (20 bytes)
1719614244.321211 sending message 105 to peer 0x601d6fa59160 (14 bytes)
1719614244.321225 sending message 105 to peer 0x601d6fa59160 (46 bytes)
1719614244.321227 sending message 105 to peer 0x601d6fa59160 (40 bytes)
1719614244.321230 sending message 105 to peer 0x601d6fa59160 (58 bytes)
1719614244.321235 sending message 105 to peer 0x601d6fa59160 (37 bytes)
1719614244.321238 sending message 105 to peer 0x601d6fa59160 (51 bytes)
1719614244.321241 sending message 105 to peer 0x601d6fa59160 (16 bytes)
1719614244.321243 sending message 105 to peer 0x601d6fa59160 (11 bytes)
1719614244.321245 sending message 105 to peer 0x601d6fa59160 (15 bytes)
1719614244.321248 sending message 105 to peer 0x601d6fa59160 (43 bytes)
1719614244.321250 sending message 105 to peer 0x601d6fa59160 (15 bytes)
1719614244.321252 sending message 105 to peer 0x601d6fa59160 (25 bytes)
1719614244.321255 sending message 105 to peer 0x601d6fa59160 (22 bytes)
1719614244.321257 sending message 105 to peer 0x601d6fa59160 (16 bytes)
1719614244.321259 sending message 105 to peer 0x601d6fa59160 (15 bytes)
1719614244.321262 sending message 105 to peer 0x601d6fa59160 (18 bytes)
1719614244.321265 sending message 105 to peer 0x601d6fa59160 (23 bytes)
1719614244.321267 sending message 105 to peer 0x601d6fa59160 (17 bytes)
1719614244.321270 sending message 105 to peer 0x601d6fa59160 (104 bytes)
1719614244.321272 sending message 105 to peer 0x601d6fa59160 (48 bytes)
1719614244.321274 sending message 105 to peer 0x601d6fa59160 (26 bytes)
1719614244.321277 sending message 105 to peer 0x601d6fa59160 (47 bytes)
1719614244.321279 sending message 105 to peer 0x601d6fa59160 (35 bytes)
1719614244.321282 sending message 105 to peer 0x601d6fa59160 (9 bytes)
1719614244.321284 sending message 105 to peer 0x601d6fa59160 (23 bytes)
1719614244.321287 sending message 105 to peer 0x601d6fa59160 (10 bytes)
1719614244.321290 sending message 105 to peer 0x601d6fa59160 (28 bytes)
1719614244.321292 sending message 105 to peer 0x601d6fa59160 (12 bytes)
1719614244.321296 sending message 105 to peer 0x601d6fa59160 (26 bytes)
1719614244.321303 sending message 105 to peer 0x601d6fa59160 (11 bytes)
1719614244.321306 sending message 105 to peer 0x601d6fa59160 (8 bytes)
1719614244.321308 sending message 105 to peer 0x601d6fa59160 (21 bytes)
1719614244.321310 sending message 105 to peer 0x601d6fa59160 (11 bytes)
1719614244.321313 sending message 105 to peer 0x601d6fa59160 (17 bytes)
1719614244.321315 sending message 105 to peer 0x601d6fa59160 (31 bytes)
1719614244.321317 sending message 105 to peer 0x601d6fa59160 (50 bytes)
1719614244.321320 sending message 105 to peer 0x601d6fa59160 (214 bytes)
1719614244.321323 sending message 105 to peer 0x601d6fa59160 (54 bytes)
1719614244.321325 sending message 105 to peer 0x601d6fa59160 (28 bytes)
1719614244.321327 sending message 105 to peer 0x601d6fa59160 (32 bytes)
1719614244.321329 sending message 105 to peer 0x601d6fa59160 (11 bytes)
1719614244.321332 sending message 105 to peer 0x601d6fa59160 (20 bytes)
1719614244.321334 sending message 105 to peer 0x601d6fa59160 (11 bytes)
1719614244.321336 sending message 105 to peer 0x601d6fa59160 (8 bytes)
1719614244.321339 sending message 105 to peer 0x601d6fa59160 (32 bytes)
1719614244.321342 sending message 105 to peer 0x601d6fa59160 (1905 bytes)
1719614244.321361 sending message 105 to peer 0x601d6fa59160 (28 bytes)
1719614244.321364 sending message 105 to peer 0x601d6fa59160 (52 bytes)
1719614244.321367 sending message 105 to peer 0x601d6fa59160 (76 bytes)
1719614244.321369 sending message 105 to peer 0x601d6fa59160 (10 bytes)
1719614244.321372 sending message 105 to peer 0x601d6fa59160 (24 bytes)
1719614244.321375 sending message 105 to peer 0x601d6fa59160 (33 bytes)
1719614244.321377 sending message 105 to peer 0x601d6fa59160 (16 bytes)
1719614244.321379 sending message 105 to peer 0x601d6fa59160 (59 bytes)
1719614244.321381 sending message 105 to peer 0x601d6fa59160 (68 bytes)
1719614244.321384 sending message 105 to peer 0x601d6fa59160 (12 bytes)
1719614244.321386 sending message 105 to peer 0x601d6fa59160 (20 bytes)
1719614244.321389 sending message 106 to peer 0x601d6fa59160 (0 bytes)
1719614244.321440 sending message 200 to peer 0x601d6fa59160 (4 bytes)
1719614244.321442 client loop enter
1719614244.321459 client_signal: Child exited
1719614244.633760 peer 0x601d6fa59160 message 207
1719614244.633776 sending message 208 to peer 0x601d6fa59160 (0 bytes)
1719614258.743050 client loop exit
