1719614258.740719 screen_redraw_draw_pane: /dev/pts/2 %0 line 0,5 at 0,5, width 102
1719614258.740721 tty_draw_line: px=0 py=5 nx=102 atx=0 aty=5
1719614258.740722 tty_draw_line: defaults: fg=8, bg=35002401
1719614258.740723 tty_draw_line: 102 to end of line (0 cleared)
1719614258.740725 tty_clear_line: /dev/pts/2, 102 at 0,5
1719614258.740726 /dev/pts/2: \r
1719614258.740728 /dev/pts/2: \n
1719614258.740731 /dev/pts/2: \033[K
1719614258.740734 screen_redraw_draw_pane: /dev/pts/2 %0 line 0,6 at 0,6, width 102
1719614258.740735 tty_draw_line: px=0 py=6 nx=102 atx=0 aty=6
1719614258.740737 tty_draw_line: defaults: fg=8, bg=35002401
1719614258.740738 tty_draw_line: 102 to end of line (0 cleared)
1719614258.740740 tty_clear_line: /dev/pts/2, 102 at 0,6
1719614258.740741 /dev/pts/2: \r
1719614258.740743 /dev/pts/2: \n
1719614258.740745 /dev/pts/2: \033[K
1719614258.740749 screen_redraw_draw_pane: /dev/pts/2 %0 line 0,7 at 0,7, width 102
1719614258.740750 tty_draw_line: px=0 py=7 nx=102 atx=0 aty=7
1719614258.740752 tty_draw_line: defaults: fg=8, bg=35002401
1719614258.740753 tty_draw_line: 102 to end of line (0 cleared)
1719614258.740755 tty_clear_line: /dev/pts/2, 102 at 0,7
1719614258.740756 /dev/pts/2: \r
1719614258.740758 /dev/pts/2: \n
1719614258.740760 /dev/pts/2: \033[K
1719614258.740763 screen_redraw_draw_pane: /dev/pts/2 %0 line 0,8 at 0,8, width 102
1719614258.740765 tty_draw_line: px=0 py=8 nx=102 atx=0 aty=8
1719614258.740767 tty_draw_line: defaults: fg=8, bg=35002401
1719614258.740768 tty_draw_line: 102 to end of line (0 cleared)
1719614258.740770 tty_clear_line: /dev/pts/2, 102 at 0,8
1719614258.740775 /dev/pts/2: \r
1719614258.740777 /dev/pts/2: \n
1719614258.740779 /dev/pts/2: \033[K
1719614258.740782 screen_redraw_draw_pane: /dev/pts/2 %0 line 0,9 at 0,9, width 102
1719614258.740784 tty_draw_line: px=0 py=9 nx=102 atx=0 aty=9
1719614258.740786 tty_draw_line: defaults: fg=8, bg=35002401
1719614258.740787 tty_draw_line: 102 to end of line (0 cleared)
1719614258.740789 tty_clear_line: /dev/pts/2, 102 at 0,9
1719614258.740790 /dev/pts/2: \r
1719614258.740792 /dev/pts/2: \n
1719614258.740794 /dev/pts/2: \033[K
1719614258.740798 screen_redraw_draw_pane: /dev/pts/2 %0 line 0,10 at 0,10, width 102
1719614258.740800 tty_draw_line: px=0 py=10 nx=102 atx=0 aty=10
1719614258.740801 tty_draw_line: defaults: fg=8, bg=35002401
1719614258.740803 tty_draw_line: 102 to end of line (0 cleared)
1719614258.740804 tty_clear_line: /dev/pts/2, 102 at 0,10
1719614258.740805 /dev/pts/2: \r
1719614258.740808 /dev/pts/2: \n
1719614258.740810 /dev/pts/2: \033[K
1719614258.740814 screen_redraw_draw_pane: /dev/pts/2 %0 line 0,11 at 0,11, width 102
1719614258.740815 tty_draw_line: px=0 py=11 nx=102 atx=0 aty=11
1719614258.740817 tty_draw_line: defaults: fg=8, bg=35002401
1719614258.740818 tty_draw_line: 102 to end of line (0 cleared)
1719614258.740820 tty_clear_line: /dev/pts/2, 102 at 0,11
1719614258.740821 /dev/pts/2: \r
1719614258.740823 /dev/pts/2: \n
1719614258.740826 /dev/pts/2: \033[K
1719614258.740829 screen_redraw_draw_pane: /dev/pts/2 %0 line 0,12 at 0,12, width 102
1719614258.740831 tty_draw_line: px=0 py=12 nx=102 atx=0 aty=12
1719614258.740832 tty_draw_line: defaults: fg=8, bg=35002401
1719614258.740834 tty_draw_line: 102 to end of line (0 cleared)
1719614258.740835 tty_clear_line: /dev/pts/2, 102 at 0,12
1719614258.740837 /dev/pts/2: \r
1719614258.740839 /dev/pts/2: \n
1719614258.740841 /dev/pts/2: \033[K
1719614258.740844 screen_redraw_draw_pane: /dev/pts/2 %0 line 0,13 at 0,13, width 102
1719614258.740846 tty_draw_line: px=0 py=13 nx=102 atx=0 aty=13
1719614258.740847 tty_draw_line: defaults: fg=8, bg=35002401
1719614258.740849 tty_draw_line: 102 to end of line (0 cleared)
1719614258.740850 tty_clear_line: /dev/pts/2, 102 at 0,13
1719614258.740852 /dev/pts/2: \r
1719614258.740854 /dev/pts/2: \n
1719614258.740856 /dev/pts/2: \033[K
1719614258.740859 screen_redraw_draw_pane: /dev/pts/2 %0 line 0,14 at 0,14, width 102
1719614258.740861 tty_draw_line: px=0 py=14 nx=102 atx=0 aty=14
1719614258.740862 tty_draw_line: defaults: fg=8, bg=35002401
1719614258.740864 tty_draw_line: 102 to end of line (0 cleared)
1719614258.740865 tty_clear_line: /dev/pts/2, 102 at 0,14
1719614258.740867 /dev/pts/2: \r
1719614258.740869 /dev/pts/2: \n
1719614258.740871 /dev/pts/2: \033[K
1719614258.740874 screen_redraw_draw_pane: /dev/pts/2 %0 line 0,15 at 0,15, width 102
1719614258.740876 tty_draw_line: px=0 py=15 nx=102 atx=0 aty=15
1719614258.740877 tty_draw_line: defaults: fg=8, bg=35002401
1719614258.740879 tty_draw_line: 102 to end of line (0 cleared)
1719614258.740880 tty_clear_line: /dev/pts/2, 102 at 0,15
1719614258.740882 /dev/pts/2: \r
1719614258.740884 /dev/pts/2: \n
1719614258.740886 /dev/pts/2: \033[K
1719614258.740889 screen_redraw_draw_pane: /dev/pts/2 %0 line 0,16 at 0,16, width 102
1719614258.740891 tty_draw_line: px=0 py=16 nx=102 atx=0 aty=16
1719614258.740893 tty_draw_line: defaults: fg=8, bg=35002401
1719614258.740894 tty_draw_line: 102 to end of line (0 cleared)
1719614258.740896 tty_clear_line: /dev/pts/2, 102 at 0,16
1719614258.740897 /dev/pts/2: \r
1719614258.740899 /dev/pts/2: \n
1719614258.740901 /dev/pts/2: \033[K
1719614258.740904 screen_redraw_draw_pane: /dev/pts/2 %0 line 0,17 at 0,17, width 102
1719614258.740906 tty_draw_line: px=0 py=17 nx=102 atx=0 aty=17
1719614258.740908 tty_draw_line: defaults: fg=8, bg=35002401
1719614258.740909 tty_draw_line: 102 to end of line (0 cleared)
1719614258.740910 tty_clear_line: /dev/pts/2, 102 at 0,17
1719614258.740912 /dev/pts/2: \r
1719614258.740914 /dev/pts/2: \n
1719614258.740916 /dev/pts/2: \033[K
1719614258.740919 screen_redraw_draw_pane: /dev/pts/2 %0 line 0,18 at 0,18, width 102
1719614258.740923 tty_draw_line: px=0 py=18 nx=102 atx=0 aty=18
1719614258.740925 tty_draw_line: defaults: fg=8, bg=35002401
1719614258.740926 tty_draw_line: 102 to end of line (0 cleared)
1719614258.740928 tty_clear_line: /dev/pts/2, 102 at 0,18
1719614258.740929 /dev/pts/2: \r
1719614258.740931 /dev/pts/2: \n
1719614258.740934 /dev/pts/2: \033[K
1719614258.740937 screen_redraw_draw_pane: /dev/pts/2 %0 line 0,19 at 0,19, width 102
1719614258.740938 tty_draw_line: px=0 py=19 nx=102 atx=0 aty=19
1719614258.740940 tty_draw_line: defaults: fg=8, bg=35002401
1719614258.740941 tty_draw_line: 102 to end of line (0 cleared)
1719614258.740943 tty_clear_line: /dev/pts/2, 102 at 0,19
1719614258.740944 /dev/pts/2: \r
1719614258.740946 /dev/pts/2: \n
1719614258.740949 /dev/pts/2: \033[K
1719614258.740952 screen_redraw_draw_pane: /dev/pts/2 %0 line 0,20 at 0,20, width 102
1719614258.740954 tty_draw_line: px=0 py=20 nx=102 atx=0 aty=20
1719614258.740955 tty_draw_line: defaults: fg=8, bg=35002401
1719614258.740957 tty_draw_line: 102 to end of line (0 cleared)
1719614258.740958 tty_clear_line: /dev/pts/2, 102 at 0,20
1719614258.740959 /dev/pts/2: \r
1719614258.740962 /dev/pts/2: \n
1719614258.740964 /dev/pts/2: \033[K
1719614258.740967 screen_redraw_draw_pane: /dev/pts/2 %0 line 0,21 at 0,21, width 102
1719614258.740969 tty_draw_line: px=0 py=21 nx=102 atx=0 aty=21
1719614258.740970 tty_draw_line: defaults: fg=8, bg=35002401
1719614258.740971 tty_draw_line: 102 to end of line (0 cleared)
1719614258.740973 tty_clear_line: /dev/pts/2, 102 at 0,21
1719614258.740974 /dev/pts/2: \r
1719614258.740976 /dev/pts/2: \n
1719614258.740979 /dev/pts/2: \033[K
1719614258.740982 screen_redraw_draw_pane: /dev/pts/2 %0 line 0,22 at 0,22, width 102
1719614258.740983 tty_draw_line: px=0 py=22 nx=102 atx=0 aty=22
1719614258.740985 tty_draw_line: defaults: fg=8, bg=35002401
1719614258.740986 tty_draw_line: 102 to end of line (0 cleared)
1719614258.740988 tty_clear_line: /dev/pts/2, 102 at 0,22
1719614258.740989 /dev/pts/2: \r
1719614258.740991 /dev/pts/2: \n
1719614258.740994 /dev/pts/2: \033[K
1719614258.740997 screen_redraw_draw_pane: /dev/pts/2 %0 line 0,23 at 0,23, width 102
1719614258.740999 tty_draw_line: px=0 py=23 nx=102 atx=0 aty=23
1719614258.741000 tty_draw_line: defaults: fg=8, bg=35002401
1719614258.741001 tty_draw_line: 102 to end of line (0 cleared)
1719614258.741003 tty_clear_line: /dev/pts/2, 102 at 0,23
1719614258.741004 /dev/pts/2: \r
1719614258.741006 /dev/pts/2: \n
1719614258.741009 /dev/pts/2: \033[K
1719614258.741012 screen_redraw_draw_pane: /dev/pts/2 %0 line 0,24 at 0,24, width 102
1719614258.741014 tty_draw_line: px=0 py=24 nx=102 atx=0 aty=24
1719614258.741015 tty_draw_line: defaults: fg=8, bg=35002401
1719614258.741017 tty_draw_line: 102 to end of line (0 cleared)
1719614258.741018 tty_clear_line: /dev/pts/2, 102 at 0,24
1719614258.741019 /dev/pts/2: \r
1719614258.741022 /dev/pts/2: \n
1719614258.741024 /dev/pts/2: \033[K
1719614258.741027 screen_redraw_draw_pane: /dev/pts/2 %0 line 0,25 at 0,25, width 102
1719614258.741029 tty_draw_line: px=0 py=25 nx=102 atx=0 aty=25
1719614258.741030 tty_draw_line: defaults: fg=8, bg=35002401
1719614258.741032 tty_draw_line: 102 to end of line (0 cleared)
1719614258.741034 tty_clear_line: /dev/pts/2, 102 at 0,25
1719614258.741035 /dev/pts/2: \r
1719614258.741037 /dev/pts/2: \n
1719614258.741039 /dev/pts/2: \033[K
1719614258.741043 screen_redraw_draw_pane: /dev/pts/2 %0 line 0,26 at 0,26, width 102
1719614258.741044 tty_draw_line: px=0 py=26 nx=102 atx=0 aty=26
1719614258.741046 tty_draw_line: defaults: fg=8, bg=35002401
1719614258.741048 tty_draw_line: 102 to end of line (0 cleared)
1719614258.741049 tty_clear_line: /dev/pts/2, 102 at 0,26
1719614258.741050 /dev/pts/2: \r
1719614258.741053 /dev/pts/2: \n
1719614258.741055 /dev/pts/2: \033[K
1719614258.741058 screen_redraw_draw_pane: /dev/pts/2 %0 line 0,27 at 0,27, width 102
1719614258.741060 tty_draw_line: px=0 py=27 nx=102 atx=0 aty=27
1719614258.741061 tty_draw_line: defaults: fg=8, bg=35002401
1719614258.741063 tty_draw_line: 102 to end of line (0 cleared)
1719614258.741066 tty_clear_line: /dev/pts/2, 102 at 0,27
1719614258.741068 /dev/pts/2: \r
1719614258.741070 /dev/pts/2: \n
1719614258.741072 /dev/pts/2: \033[K
1719614258.741075 screen_redraw_draw_pane: /dev/pts/2 %0 line 0,28 at 0,28, width 102
1719614258.741077 tty_draw_line: px=0 py=28 nx=102 atx=0 aty=28
1719614258.741079 tty_draw_line: defaults: fg=8, bg=35002401
1719614258.741080 tty_draw_line: 102 to end of line (0 cleared)
1719614258.741082 tty_clear_line: /dev/pts/2, 102 at 0,28
1719614258.741083 /dev/pts/2: \r
1719614258.741085 /dev/pts/2: \n
1719614258.741087 /dev/pts/2: \033[K
1719614258.741090 screen_redraw_draw_pane: /dev/pts/2 %0 line 0,29 at 0,29, width 102
1719614258.741092 tty_draw_line: px=0 py=29 nx=102 atx=0 aty=29
1719614258.741094 tty_draw_line: defaults: fg=8, bg=35002401
1719614258.741095 tty_draw_line: 102 to end of line (0 cleared)
1719614258.741096 tty_clear_line: /dev/pts/2, 102 at 0,29
1719614258.741098 /dev/pts/2: \r
1719614258.741100 /dev/pts/2: \n
1719614258.741102 /dev/pts/2: \033[K
1719614258.741105 screen_redraw_draw_pane: /dev/pts/2 %0 line 0,30 at 0,30, width 102
1719614258.741107 tty_draw_line: px=0 py=30 nx=102 atx=0 aty=30
1719614258.741108 tty_draw_line: defaults: fg=8, bg=35002401
1719614258.741110 tty_draw_line: 102 to end of line (0 cleared)
1719614258.741111 tty_clear_line: /dev/pts/2, 102 at 0,30
1719614258.741113 /dev/pts/2: \r
1719614258.741115 /dev/pts/2: \n
1719614258.741117 /dev/pts/2: \033[K
1719614258.741120 screen_redraw_draw_pane: /dev/pts/2 %0 line 0,31 at 0,31, width 102
1719614258.741122 tty_draw_line: px=0 py=31 nx=102 atx=0 aty=31
1719614258.741123 tty_draw_line: defaults: fg=8, bg=35002401
1719614258.741125 tty_draw_line: 102 to end of line (0 cleared)
1719614258.741126 tty_clear_line: /dev/pts/2, 102 at 0,31
1719614258.741127 /dev/pts/2: \r
1719614258.741130 /dev/pts/2: \n
1719614258.741132 /dev/pts/2: \033[K
1719614258.741135 screen_redraw_draw_pane: /dev/pts/2 %0 line 0,32 at 0,32, width 102
1719614258.741137 tty_draw_line: px=0 py=32 nx=102 atx=0 aty=32
1719614258.741138 tty_draw_line: defaults: fg=8, bg=35002401
1719614258.741140 tty_draw_line: 102 to end of line (0 cleared)
1719614258.741141 tty_clear_line: /dev/pts/2, 102 at 0,32
1719614258.741142 /dev/pts/2: \r
1719614258.741145 /dev/pts/2: \n
1719614258.741147 /dev/pts/2: \033[K
1719614258.741150 screen_redraw_draw_pane: /dev/pts/2 %0 line 0,33 at 0,33, width 102
1719614258.741152 tty_draw_line: px=0 py=33 nx=102 atx=0 aty=33
1719614258.741153 tty_draw_line: defaults: fg=8, bg=35002401
1719614258.741155 tty_draw_line: 102 to end of line (0 cleared)
1719614258.741156 tty_clear_line: /dev/pts/2, 102 at 0,33
1719614258.741157 /dev/pts/2: \r
1719614258.741160 /dev/pts/2: \n
1719614258.741162 /dev/pts/2: \033[K
1719614258.741165 screen_redraw_draw_pane: /dev/pts/2 %0 line 0,34 at 0,34, width 102
1719614258.741167 tty_draw_line: px=0 py=34 nx=102 atx=0 aty=34
1719614258.741168 tty_draw_line: defaults: fg=8, bg=35002401
1719614258.741170 tty_draw_line: 102 to end of line (0 cleared)
1719614258.741171 tty_clear_line: /dev/pts/2, 102 at 0,34
1719614258.741172 /dev/pts/2: \r
1719614258.741175 /dev/pts/2: \n
1719614258.741177 /dev/pts/2: \033[K
1719614258.741180 screen_redraw_draw_pane: /dev/pts/2 %0 line 0,35 at 0,35, width 102
1719614258.741182 tty_draw_line: px=0 py=35 nx=102 atx=0 aty=35
1719614258.741183 tty_draw_line: defaults: fg=8, bg=35002401
1719614258.741185 tty_draw_line: 102 to end of line (0 cleared)
1719614258.741186 tty_clear_line: /dev/pts/2, 102 at 0,35
1719614258.741187 /dev/pts/2: \r
1719614258.741190 /dev/pts/2: \n
1719614258.741192 /dev/pts/2: \033[K
1719614258.741195 screen_redraw_draw_pane: /dev/pts/2 %0 line 0,36 at 0,36, width 102
1719614258.741197 tty_draw_line: px=0 py=36 nx=102 atx=0 aty=36
1719614258.741198 tty_draw_line: defaults: fg=8, bg=35002401
1719614258.741200 tty_draw_line: 102 to end of line (0 cleared)
1719614258.741201 tty_clear_line: /dev/pts/2, 102 at 0,36
1719614258.741202 /dev/pts/2: \r
1719614258.741205 /dev/pts/2: \n
1719614258.741209 /dev/pts/2: \033[K
1719614258.741228 screen_redraw_draw_pane: /dev/pts/2 %0 line 0,37 at 0,37, width 102
1719614258.741232 tty_draw_line: px=0 py=37 nx=102 atx=0 aty=37
1719614258.741233 tty_draw_line: defaults: fg=8, bg=35002401
1719614258.741235 tty_draw_line: 102 to end of line (0 cleared)
1719614258.741236 tty_clear_line: /dev/pts/2, 102 at 0,37
1719614258.741238 /dev/pts/2: \r
1719614258.741240 /dev/pts/2: \n
1719614258.741242 /dev/pts/2: \033[K
1719614258.741245 screen_redraw_draw_pane: /dev/pts/2 %0 line 0,38 at 0,38, width 102
1719614258.741247 tty_draw_line: px=0 py=38 nx=102 atx=0 aty=38
1719614258.741248 tty_draw_line: defaults: fg=8, bg=35002401
1719614258.741250 tty_draw_line: 102 to end of line (0 cleared)
1719614258.741252 tty_clear_line: /dev/pts/2, 102 at 0,38
1719614258.741318 /dev/pts/2: \r
1719614258.741332 /dev/pts/2: \n
1719614258.741335 /dev/pts/2: \033[K
1719614258.741341 screen_redraw_draw_pane: /dev/pts/2 %0 line 0,39 at 0,39, width 102
1719614258.741345 tty_draw_line: px=0 py=39 nx=102 atx=0 aty=39
1719614258.741348 tty_draw_line: defaults: fg=8, bg=35002401
1719614258.741350 tty_draw_line: 102 to end of line (0 cleared)
1719614258.741352 tty_clear_line: /dev/pts/2, 102 at 0,39
1719614258.741354 /dev/pts/2: \r
1719614258.741357 /dev/pts/2: \n
1719614258.741360 /dev/pts/2: \033[K
1719614258.741363 screen_redraw_draw_pane: /dev/pts/2 %0 line 0,40 at 0,40, width 102
1719614258.741365 tty_draw_line: px=0 py=40 nx=102 atx=0 aty=40
1719614258.741367 tty_draw_line: defaults: fg=8, bg=35002401
1719614258.741369 tty_draw_line: 102 to end of line (0 cleared)
1719614258.741371 tty_clear_line: /dev/pts/2, 102 at 0,40
1719614258.741372 /dev/pts/2: \r
1719614258.741374 /dev/pts/2: \n
1719614258.741376 /dev/pts/2: \033[K
1719614258.741380 screen_redraw_draw_pane: /dev/pts/2 %0 line 0,41 at 0,41, width 102
1719614258.741381 tty_draw_line: px=0 py=41 nx=102 atx=0 aty=41
1719614258.741383 tty_draw_line: defaults: fg=8, bg=35002401
1719614258.741385 tty_draw_line: 102 to end of line (0 cleared)
1719614258.741387 tty_clear_line: /dev/pts/2, 102 at 0,41
1719614258.741388 /dev/pts/2: \r
1719614258.741390 /dev/pts/2: \n
1719614258.741393 /dev/pts/2: \033[K
1719614258.741396 screen_redraw_draw_pane: /dev/pts/2 %0 line 0,42 at 0,42, width 102
1719614258.741398 tty_draw_line: px=0 py=42 nx=102 atx=0 aty=42
1719614258.741399 tty_draw_line: defaults: fg=8, bg=35002401
1719614258.741401 tty_draw_line: 102 to end of line (0 cleared)
1719614258.741403 tty_clear_line: /dev/pts/2, 102 at 0,42
1719614258.741404 /dev/pts/2: \r
1719614258.741406 /dev/pts/2: \n
1719614258.741408 /dev/pts/2: \033[K
1719614258.741411 screen_redraw_draw_pane: /dev/pts/2 %0 line 0,43 at 0,43, width 102
1719614258.741413 tty_draw_line: px=0 py=43 nx=102 atx=0 aty=43
1719614258.741415 tty_draw_line: defaults: fg=8, bg=35002401
1719614258.741416 tty_draw_line: 102 to end of line (0 cleared)
1719614258.741418 tty_clear_line: /dev/pts/2, 102 at 0,43
1719614258.741419 /dev/pts/2: \r
1719614258.741421 /dev/pts/2: \n
1719614258.741424 /dev/pts/2: \033[K
1719614258.741427 screen_redraw_draw_pane: /dev/pts/2 %0 line 0,44 at 0,44, width 102
1719614258.741429 tty_draw_line: px=0 py=44 nx=102 atx=0 aty=44
1719614258.741430 tty_draw_line: defaults: fg=8, bg=35002401
1719614258.741432 tty_draw_line: 102 to end of line (0 cleared)
1719614258.741433 tty_clear_line: /dev/pts/2, 102 at 0,44
1719614258.741434 /dev/pts/2: \r
1719614258.741437 /dev/pts/2: \n
1719614258.741439 /dev/pts/2: \033[K
1719614258.741442 screen_redraw_draw_pane: /dev/pts/2 %0 line 0,45 at 0,45, width 102
1719614258.741444 tty_draw_line: px=0 py=45 nx=102 atx=0 aty=45
1719614258.741445 tty_draw_line: defaults: fg=8, bg=35002401
1719614258.741447 tty_draw_line: 102 to end of line (0 cleared)
1719614258.741448 tty_clear_line: /dev/pts/2, 102 at 0,45
1719614258.741449 /dev/pts/2: \r
1719614258.741452 /dev/pts/2: \n
1719614258.741454 /dev/pts/2: \033[K
1719614258.741457 screen_redraw_draw_pane: /dev/pts/2 %0 line 0,46 at 0,46, width 102
1719614258.741459 tty_draw_line: px=0 py=46 nx=102 atx=0 aty=46
1719614258.741472 tty_draw_line: defaults: fg=8, bg=35002401
1719614258.741473 tty_draw_line: 102 to end of line (0 cleared)
1719614258.741475 tty_clear_line: /dev/pts/2, 102 at 0,46
1719614258.741476 /dev/pts/2: \r
1719614258.741479 /dev/pts/2: \n
1719614258.741481 /dev/pts/2: \033[K
1719614258.741484 screen_redraw_draw_pane: /dev/pts/2 %0 line 0,47 at 0,47, width 102
1719614258.741486 tty_draw_line: px=0 py=47 nx=102 atx=0 aty=47
1719614258.741488 tty_draw_line: defaults: fg=8, bg=35002401
1719614258.741489 tty_draw_line: 102 to end of line (0 cleared)
1719614258.741491 tty_clear_line: /dev/pts/2, 102 at 0,47
1719614258.741492 /dev/pts/2: \r
1719614258.741494 /dev/pts/2: \n
1719614258.741496 /dev/pts/2: \033[K
1719614258.741500 screen_redraw_draw_pane: /dev/pts/2 %0 line 0,48 at 0,48, width 102
1719614258.741501 tty_draw_line: px=0 py=48 nx=102 atx=0 aty=48
1719614258.741503 tty_draw_line: defaults: fg=8, bg=35002401
1719614258.741504 tty_draw_line: 102 to end of line (0 cleared)
1719614258.741506 tty_clear_line: /dev/pts/2, 102 at 0,48
1719614258.741507 /dev/pts/2: \r
1719614258.741510 /dev/pts/2: \n
1719614258.741512 /dev/pts/2: \033[K
1719614258.741515 screen_redraw_draw_pane: /dev/pts/2 %0 line 0,49 at 0,49, width 102
1719614258.741517 tty_draw_line: px=0 py=49 nx=102 atx=0 aty=49
1719614258.741518 tty_draw_line: defaults: fg=8, bg=35002401
1719614258.741520 tty_draw_line: 102 to end of line (0 cleared)
1719614258.741521 tty_clear_line: /dev/pts/2, 102 at 0,49
1719614258.741522 /dev/pts/2: \r
1719614258.741525 /dev/pts/2: \n
1719614258.741527 /dev/pts/2: \033[K
1719614258.741530 screen_redraw_draw_pane: /dev/pts/2 %0 line 0,50 at 0,50, width 102
1719614258.741532 tty_draw_line: px=0 py=50 nx=102 atx=0 aty=50
1719614258.741533 tty_draw_line: defaults: fg=8, bg=35002401
1719614258.741535 tty_draw_line: 102 to end of line (0 cleared)
1719614258.741537 tty_clear_line: /dev/pts/2, 102 at 0,50
1719614258.741538 /dev/pts/2: \r
1719614258.741540 /dev/pts/2: \n
1719614258.741543 /dev/pts/2: \033[K
1719614258.741546 screen_redraw_draw_pane: /dev/pts/2 %0 line 0,51 at 0,51, width 102
1719614258.741547 tty_draw_line: px=0 py=51 nx=102 atx=0 aty=51
1719614258.741549 tty_draw_line: defaults: fg=8, bg=35002401
1719614258.741551 tty_draw_line: 102 to end of line (0 cleared)
1719614258.741552 tty_clear_line: /dev/pts/2, 102 at 0,51
1719614258.741553 /dev/pts/2: \r
1719614258.741556 /dev/pts/2: \n
1719614258.741558 /dev/pts/2: \033[K
1719614258.741561 screen_redraw_draw_pane: /dev/pts/2 %0 line 0,52 at 0,52, width 102
1719614258.741563 tty_draw_line: px=0 py=52 nx=102 atx=0 aty=52
1719614258.741564 tty_draw_line: defaults: fg=8, bg=35002401
1719614258.741566 tty_draw_line: 102 to end of line (0 cleared)
1719614258.741567 tty_clear_line: /dev/pts/2, 102 at 0,52
1719614258.741568 /dev/pts/2: \r
1719614258.741571 /dev/pts/2: \n
1719614258.741573 /dev/pts/2: \033[K
1719614258.741576 screen_redraw_draw_pane: /dev/pts/2 %0 line 0,53 at 0,53, width 102
1719614258.741578 tty_draw_line: px=0 py=53 nx=102 atx=0 aty=53
1719614258.741579 tty_draw_line: defaults: fg=8, bg=35002401
1719614258.741581 tty_draw_line: 102 to end of line (0 cleared)
1719614258.741583 tty_clear_line: /dev/pts/2, 102 at 0,53
1719614258.741584 /dev/pts/2: \r
1719614258.741586 /dev/pts/2: \n
1719614258.741588 /dev/pts/2: \033[K
1719614258.741592 screen_redraw_draw_pane: /dev/pts/2 %0 line 0,54 at 0,54, width 102
1719614258.741593 tty_draw_line: px=0 py=54 nx=102 atx=0 aty=54
1719614258.741595 tty_draw_line: defaults: fg=8, bg=35002401
1719614258.741597 tty_draw_line: 102 to end of line (0 cleared)
1719614258.741598 tty_clear_line: /dev/pts/2, 102 at 0,54
1719614258.741599 /dev/pts/2: \r
1719614258.741602 /dev/pts/2: \n
1719614258.741604 /dev/pts/2: \033[K
1719614258.741607 screen_redraw_draw_pane: /dev/pts/2 %0 line 0,55 at 0,55, width 102
1719614258.741609 tty_draw_line: px=0 py=55 nx=102 atx=0 aty=55
1719614258.741611 tty_draw_line: defaults: fg=8, bg=35002401
1719614258.741613 tty_draw_line: 102 to end of line (0 cleared)
1719614258.741614 tty_clear_line: /dev/pts/2, 102 at 0,55
1719614258.741619 /dev/pts/2: \r
1719614258.741621 /dev/pts/2: \n
1719614258.741624 /dev/pts/2: \033[K
1719614258.741627 screen_redraw_draw_pane: /dev/pts/2 %0 line 0,56 at 0,56, width 102
1719614258.741629 tty_draw_line: px=0 py=56 nx=102 atx=0 aty=56
1719614258.741630 tty_draw_line: defaults: fg=8, bg=35002401
1719614258.741632 tty_draw_line: 102 to end of line (0 cleared)
1719614258.741634 tty_clear_line: /dev/pts/2, 102 at 0,56
1719614258.741635 /dev/pts/2: \r
1719614258.741638 /dev/pts/2: \n
1719614258.741640 /dev/pts/2: \033[K
1719614258.741643 screen_redraw_draw_pane: /dev/pts/2 %0 line 0,57 at 0,57, width 102
1719614258.741645 tty_draw_line: px=0 py=57 nx=102 atx=0 aty=57
1719614258.741647 tty_draw_line: defaults: fg=8, bg=35002401
1719614258.741648 tty_draw_line: 102 to end of line (0 cleared)
1719614258.741650 tty_clear_line: /dev/pts/2, 102 at 0,57
1719614258.741651 /dev/pts/2: \r
1719614258.741654 /dev/pts/2: \n
1719614258.741656 /dev/pts/2: \033[K
1719614258.741659 screen_redraw_draw_pane: /dev/pts/2 %0 line 0,58 at 0,58, width 102
1719614258.741661 tty_draw_line: px=0 py=58 nx=102 atx=0 aty=58
1719614258.741663 tty_draw_line: defaults: fg=8, bg=35002401
1719614258.741664 tty_draw_line: 102 to end of line (0 cleared)
1719614258.741666 tty_clear_line: /dev/pts/2, 102 at 0,58
1719614258.741667 /dev/pts/2: \r
1719614258.741670 /dev/pts/2: \n
1719614258.741672 /dev/pts/2: \033[K
1719614258.741675 screen_redraw_draw_pane: /dev/pts/2 %0 line 0,59 at 0,59, width 102
1719614258.741677 tty_draw_line: px=0 py=59 nx=102 atx=0 aty=59
1719614258.741679 tty_draw_line: defaults: fg=8, bg=35002401
1719614258.741681 tty_draw_line: 102 to end of line (0 cleared)
1719614258.741682 tty_clear_line: /dev/pts/2, 102 at 0,59
1719614258.741684 /dev/pts/2: \r
1719614258.741686 /dev/pts/2: \n
1719614258.741688 /dev/pts/2: \033[K
1719614258.741692 screen_redraw_draw_pane: /dev/pts/2 %0 line 0,60 at 0,60, width 102
1719614258.741694 tty_draw_line: px=0 py=60 nx=102 atx=0 aty=60
1719614258.741695 tty_draw_line: defaults: fg=8, bg=35002401
1719614258.741697 tty_draw_line: 102 to end of line (0 cleared)
1719614258.741699 tty_clear_line: /dev/pts/2, 102 at 0,60
1719614258.741700 /dev/pts/2: \r
1719614258.741702 /dev/pts/2: \n
1719614258.741705 /dev/pts/2: \033[K
1719614258.741708 screen_redraw_draw_pane: /dev/pts/2 %0 line 0,61 at 0,61, width 102
1719614258.741710 tty_draw_line: px=0 py=61 nx=102 atx=0 aty=61
1719614258.741711 tty_draw_line: defaults: fg=8, bg=35002401
1719614258.741713 tty_draw_line: 102 to end of line (0 cleared)
1719614258.741715 tty_clear_line: /dev/pts/2, 102 at 0,61
1719614258.741716 /dev/pts/2: \r
1719614258.741718 /dev/pts/2: \n
1719614258.741721 /dev/pts/2: \033[K
1719614258.741724 screen_redraw_draw_pane: /dev/pts/2 %0 line 0,62 at 0,62, width 102
1719614258.741726 tty_draw_line: px=0 py=62 nx=102 atx=0 aty=62
1719614258.741728 tty_draw_line: defaults: fg=8, bg=35002401
1719614258.741729 tty_draw_line: 102 to end of line (0 cleared)
1719614258.741731 tty_clear_line: /dev/pts/2, 102 at 0,62
1719614258.741732 /dev/pts/2: \r
1719614258.741735 /dev/pts/2: \n
1719614258.741737 /dev/pts/2: \033[K
1719614258.741740 screen_redraw_draw_pane: /dev/pts/2 %0 line 0,63 at 0,63, width 102
1719614258.741742 tty_draw_line: px=0 py=63 nx=102 atx=0 aty=63
1719614258.741744 tty_draw_line: defaults: fg=8, bg=35002401
1719614258.741746 tty_draw_line: 102 to end of line (0 cleared)
1719614258.741747 tty_clear_line: /dev/pts/2, 102 at 0,63
1719614258.741748 /dev/pts/2: \r
1719614258.741751 /dev/pts/2: \n
1719614258.741753 /dev/pts/2: \033[K
1719614258.741757 screen_redraw_draw_pane: /dev/pts/2 %0 line 0,64 at 0,64, width 102
1719614258.741758 tty_draw_line: px=0 py=64 nx=102 atx=0 aty=64
1719614258.741760 tty_draw_line: defaults: fg=8, bg=35002401
1719614258.741762 tty_draw_line: 102 to end of line (0 cleared)
1719614258.741763 tty_clear_line: /dev/pts/2, 102 at 0,64
1719614258.741764 /dev/pts/2: \r
1719614258.741767 /dev/pts/2: \n
1719614258.741769 /dev/pts/2: \033[K
1719614258.741773 screen_redraw_draw_pane: /dev/pts/2 %0 line 0,65 at 0,65, width 102
1719614258.741777 tty_draw_line: px=0 py=65 nx=102 atx=0 aty=65
1719614258.741779 tty_draw_line: defaults: fg=8, bg=35002401
1719614258.741780 tty_draw_line: 102 to end of line (0 cleared)
1719614258.741782 tty_clear_line: /dev/pts/2, 102 at 0,65
1719614258.741783 /dev/pts/2: \r
1719614258.741786 /dev/pts/2: \n
1719614258.741788 /dev/pts/2: \033[K
1719614258.741791 screen_redraw_draw_pane: /dev/pts/2 %0 line 0,66 at 0,66, width 102
1719614258.741793 tty_draw_line: px=0 py=66 nx=102 atx=0 aty=66
1719614258.741795 tty_draw_line: defaults: fg=8, bg=35002401
1719614258.741797 tty_draw_line: 102 to end of line (0 cleared)
1719614258.741798 tty_clear_line: /dev/pts/2, 102 at 0,66
1719614258.741800 /dev/pts/2: \r
1719614258.741802 /dev/pts/2: \n
1719614258.741805 /dev/pts/2: \033[K
1719614258.741808 screen_redraw_draw_pane: /dev/pts/2 %0 line 0,67 at 0,67, width 102
1719614258.741810 tty_draw_line: px=0 py=67 nx=102 atx=0 aty=67
1719614258.741811 tty_draw_line: defaults: fg=8, bg=35002401
1719614258.741813 tty_draw_line: 102 to end of line (0 cleared)
1719614258.741815 tty_clear_line: /dev/pts/2, 102 at 0,67
1719614258.741816 /dev/pts/2: \r
1719614258.741819 /dev/pts/2: \n
1719614258.741821 /dev/pts/2: \033[K
1719614258.741825 screen_redraw_draw_pane: /dev/pts/2 %0 line 0,68 at 0,68, width 102
1719614258.741827 tty_draw_line: px=0 py=68 nx=102 atx=0 aty=68
1719614258.741828 tty_draw_line: defaults: fg=8, bg=35002401
1719614258.741830 tty_draw_line: 102 to end of line (0 cleared)
1719614258.741832 tty_clear_line: /dev/pts/2, 102 at 0,68
1719614258.741833 /dev/pts/2: \r
1719614258.741835 /dev/pts/2: \n
1719614258.741838 /dev/pts/2: \033[K
1719614258.741841 screen_redraw_draw_pane: /dev/pts/2 %0 line 0,69 at 0,69, width 102
1719614258.741843 tty_draw_line: px=0 py=69 nx=102 atx=0 aty=69
1719614258.741844 tty_draw_line: defaults: fg=8, bg=35002401
1719614258.741846 tty_draw_line: 102 to end of line (0 cleared)
1719614258.741848 tty_clear_line: /dev/pts/2, 102 at 0,69
1719614258.741849 /dev/pts/2: \r
1719614258.741852 /dev/pts/2: \n
1719614258.741854 /dev/pts/2: \033[K
1719614258.741857 screen_redraw_draw_pane: /dev/pts/2 %0 line 0,70 at 0,70, width 102
1719614258.741859 tty_draw_line: px=0 py=70 nx=102 atx=0 aty=70
1719614258.741861 tty_draw_line: defaults: fg=8, bg=35002401
1719614258.741863 tty_draw_line: 102 to end of line (0 cleared)
1719614258.741864 tty_clear_line: /dev/pts/2, 102 at 0,70
1719614258.741865 /dev/pts/2: \r
1719614258.741868 /dev/pts/2: \n
1719614258.741870 /dev/pts/2: \033[K
1719614258.741874 screen_redraw_draw_pane: /dev/pts/2 %0 line 0,71 at 0,71, width 102
1719614258.741876 tty_draw_line: px=0 py=71 nx=102 atx=0 aty=71
1719614258.741877 tty_draw_line: defaults: fg=8, bg=35002401
1719614258.741879 tty_draw_line: 102 to end of line (0 cleared)
1719614258.741881 tty_clear_line: /dev/pts/2, 102 at 0,71
1719614258.741882 /dev/pts/2: \r
1719614258.741884 /dev/pts/2: \n
1719614258.741887 /dev/pts/2: \033[K
1719614258.741890 screen_redraw_draw_pane: /dev/pts/2 %0 line 0,72 at 0,72, width 102
1719614258.741892 tty_draw_line: px=0 py=72 nx=102 atx=0 aty=72
1719614258.741894 tty_draw_line: defaults: fg=8, bg=35002401
1719614258.741895 tty_draw_line: 102 to end of line (0 cleared)
1719614258.741897 tty_clear_line: /dev/pts/2, 102 at 0,72
1719614258.741898 /dev/pts/2: \r
1719614258.741901 /dev/pts/2: \n
1719614258.741903 /dev/pts/2: \033[K
1719614258.741907 screen_redraw_draw_pane: /dev/pts/2 %0 line 0,73 at 0,73, width 102
1719614258.741908 tty_draw_line: px=0 py=73 nx=102 atx=0 aty=73
1719614258.741910 tty_draw_line: defaults: fg=8, bg=35002401
1719614258.741912 tty_draw_line: 102 to end of line (0 cleared)
1719614258.741913 tty_clear_line: /dev/pts/2, 102 at 0,73
1719614258.741914 /dev/pts/2: \r
1719614258.741917 /dev/pts/2: \n
1719614258.741919 /dev/pts/2: \033[K
1719614258.741922 screen_redraw_draw_pane: /dev/pts/2 %0 line 0,74 at 0,74, width 102
1719614258.741924 tty_draw_line: px=0 py=74 nx=102 atx=0 aty=74
1719614258.741926 tty_draw_line: defaults: fg=8, bg=35002401
1719614258.741930 tty_draw_line: 102 to end of line (0 cleared)
1719614258.741932 tty_clear_line: /dev/pts/2, 102 at 0,74
1719614258.741933 /dev/pts/2: \r
1719614258.741935 /dev/pts/2: \n
1719614258.741938 /dev/pts/2: \033[K
1719614258.741941 screen_redraw_draw_pane: /dev/pts/2 %0 line 0,75 at 0,75, width 102
1719614258.741943 tty_draw_line: px=0 py=75 nx=102 atx=0 aty=75
1719614258.741945 tty_draw_line: defaults: fg=8, bg=35002401
1719614258.741947 tty_draw_line: 102 to end of line (0 cleared)
1719614258.741948 tty_clear_line: /dev/pts/2, 102 at 0,75
1719614258.741949 /dev/pts/2: \r
1719614258.741952 /dev/pts/2: \n
1719614258.741954 /dev/pts/2: \033[K
1719614258.741962 screen_redraw_draw_pane: /dev/pts/2 %0 line 0,76 at 0,76, width 102
1719614258.741964 tty_draw_line: px=0 py=76 nx=102 atx=0 aty=76
1719614258.741965 tty_draw_line: defaults: fg=8, bg=35002401
1719614258.741967 tty_draw_line: 102 to end of line (0 cleared)
1719614258.741969 tty_clear_line: /dev/pts/2, 102 at 0,76
1719614258.741970 /dev/pts/2: \r
1719614258.741972 /dev/pts/2: \n
1719614258.741975 /dev/pts/2: \033[K
1719614258.741978 screen_redraw_draw_pane: /dev/pts/2 %0 line 0,77 at 0,77, width 102
1719614258.741980 tty_draw_line: px=0 py=77 nx=102 atx=0 aty=77
1719614258.741982 tty_draw_line: defaults: fg=8, bg=35002401
1719614258.741984 tty_draw_line: 102 to end of line (0 cleared)
1719614258.741985 tty_clear_line: /dev/pts/2, 102 at 0,77
1719614258.741986 /dev/pts/2: \r
1719614258.741989 /dev/pts/2: \n
1719614258.741991 /dev/pts/2: \033[K
1719614258.741995 screen_redraw_draw_pane: /dev/pts/2 %0 line 0,78 at 0,78, width 102
1719614258.741997 tty_draw_line: px=0 py=78 nx=102 atx=0 aty=78
1719614258.741998 tty_draw_line: defaults: fg=8, bg=35002401
1719614258.742000 tty_draw_line: 102 to end of line (0 cleared)
1719614258.742001 tty_clear_line: /dev/pts/2, 102 at 0,78
1719614258.742002 /dev/pts/2: \r
1719614258.742005 /dev/pts/2: \n
1719614258.742007 /dev/pts/2: \033[K
1719614258.742011 screen_redraw_draw_pane: /dev/pts/2 %0 line 0,79 at 0,79, width 102
1719614258.742013 tty_draw_line: px=0 py=79 nx=102 atx=0 aty=79
1719614258.742014 tty_draw_line: defaults: fg=8, bg=35002401
1719614258.742016 tty_draw_line: 102 to end of line (0 cleared)
1719614258.742018 tty_clear_line: /dev/pts/2, 102 at 0,79
1719614258.742019 /dev/pts/2: \r
1719614258.742021 /dev/pts/2: \n
1719614258.742024 /dev/pts/2: \033[K
1719614258.742027 screen_redraw_draw_pane: /dev/pts/2 %0 line 0,80 at 0,80, width 102
1719614258.742029 tty_draw_line: px=0 py=80 nx=102 atx=0 aty=80
1719614258.742031 tty_draw_line: defaults: fg=8, bg=35002401
1719614258.742033 tty_draw_line: 102 to end of line (0 cleared)
1719614258.742034 tty_clear_line: /dev/pts/2, 102 at 0,80
1719614258.742035 /dev/pts/2: \r
1719614258.742038 /dev/pts/2: \n
1719614258.742040 /dev/pts/2: \033[K
1719614258.742044 screen_redraw_draw_pane: /dev/pts/2 %0 line 0,81 at 0,81, width 102
1719614258.742045 tty_draw_line: px=0 py=81 nx=102 atx=0 aty=81
1719614258.742047 tty_draw_line: defaults: fg=8, bg=35002401
1719614258.742049 tty_draw_line: 102 to end of line (0 cleared)
1719614258.742050 tty_clear_line: /dev/pts/2, 102 at 0,81
1719614258.742051 /dev/pts/2: \r
1719614258.742054 /dev/pts/2: \n
1719614258.742056 /dev/pts/2: \033[K
1719614258.742060 tty_cmd_sixelimage: image is 1x1
1719614258.742062 tty_cmd_sixelimage: clamping to 0,0-1,1
1719614258.742074 fatal: xcalloc: zero size
